SPECIMEN 7d — stand-in basemap: the same local view drawn from a zoom-2 tile (6 levels stretched)
149x38 cells · braille renderer · 24-bit colour · centre 40.88,-85.12 · zoom 8.3 · 1 basemap tile(s) at z2 © OpenMapTiles © OpenStreetMap
[0m                                                                                                              [0m[38;2;255;255;255m⡇[0m                                      [0m
[0m                                                                                                              [0m[38;2;255;255;255m⡇[0m                                      [0m
[0m                                                                                                              [0m[38;2;255;255;255m⡇[0m                                      [0m
[0m                                                                                                              [0m[38;2;255;255;255m⡇[0m                                      [0m
[0m                                                                        [0m[38;2;255;255;255m◉ Fort Wayne[0m                          [0m[38;2;255;255;255m⡇[0m                                      [0m
[0m                                                                                                              [0m[38;2;255;255;255m⡇[0m                                      [0m
[0m                                                                                                              [0m[38;2;255;255;255m⡇[0m                                      [0m
[0m                                                                                                              [0m[38;2;255;255;255m⡇[0m                                      [0m
[0m                                                                                                              [0m[38;2;255;255;255m⡇[0m                                      [0m
[0m                                                                                                              [0m[38;2;255;255;255m⡇[0m                                      [0m
[0m                                                                                                              [0m[38;2;255;255;255m⡇[0m                                      [0m
[0m                                                                                                              [0m[38;2;255;255;255m⡇[0m                                      [0m
[0m                                                                                                              [0m[38;2;255;255;255m⡇[0m                                      [0m
[0m                                                                                                              [0m[38;2;255;255;255m⡇[0m                                      [0m
[0m                                                                                                              [0m[38;2;255;255;255m⡇[0m                                      [0m
[0m                                                                                                              [0m[38;2;255;255;255m⡇[0m                                      [0m
[0m                                                                                                              [0m[38;2;255;255;255m⡇[0m                                      [0m
[0m                                                                                                              [0m[38;2;255;255;255m⡇[0m                                      [0m
[0m                                                                                                              [0m[38;2;255;255;255m⡇[0m                                      [0m
[0m                                                                                                              [0m[38;2;255;255;255m⡇[0m                                      [0m
[0m                                                                                                              [0m[38;2;255;255;255m⡇[0m                                      [0m
[0m                                                                                                              [0m[38;2;255;255;255m⡇[0m                                      [0m
[0m                                                                                                              [0m[38;2;255;255;255m⡇[0m                                      [0m
[0m                                                                                                              [0m[38;2;255;255;255m⡇[0m                                      [0m
[0m                                                                                                              [0m[38;2;255;255;255m⡇[0m                                      [0m
[0m                                                                                                              [0m[38;2;255;255;255m⡇[0m                                      [0m
[0m                                                                                                              [0m[38;2;255;255;255m⡇[0m                                      [0m
[0m                                                                                                              [0m[38;2;255;255;255m⡇[0m                                      [0m
[0m                                                                                                              [0m[38;2;255;255;255m⡇[0m                                      [0m
[0m                                                                                                              [0m[38;2;255;255;255m⡇[0m                                      [0m
[0m                                                                                                              [0m[38;2;255;255;255m⡇[0m                                      [0m
[0m                                                                                                              [0m[38;2;255;255;255m⡇[0m                                      [0m
[0m                                                                                                              [0m[38;2;255;255;255m⡇[0m                                      [0m
[0m                                                                                                              [0m[38;2;255;255;255m⡇[0m                                      [0m
[0m                                                                                                              [0m[38;2;255;255;255m⡇[0m                                      [0m
[0m                                                                                                              [0m[38;2;255;255;255m⡇[0m                                      [0m
[0m                                                                                                              [0m[38;2;255;255;255m⡇[0m                                      [0m
[0m                                                                                                              [0m[38;2;255;255;255m⡇[0m                                      [0m
