Specimen 33 (D-64, option C) · 16-colour · 149x38 · five alerts, one a severity: word in the label, a severity letter on the outline every few cells (E S M m U), solid outline · the dash key: five long boxes, no radar · centre 38.301,-81.950 z8.05 · status complete
[32m[40m⠋⠘⢿⣋⠀⠉⠀⣝[33m⢳[32m⡦⣀⣀⠈⠻⣓⠚⢱⣂⡖⣟⡷⣦⠀⠀⠀⠀⠀⠀⠀⠀⠈⡁⣓⣲⡆⢀⣀⣰⠚⠀⠀⠀⠀⠀⠀⡶[33m⣄⠀⣀⡀⠀⠀[37m⢀⣿[33m⠃⠀⠀⠀⠀⠀⠀⠀⠀⠀⠀⠀⠀⠀⠀⣾[36m⠊⠀⠀⠀⠀⠀⠀⠀⠀⠀⠀⠀⠀⠀⠀⠀⠀⠀⠀⠀⠀⠀⠀⠀⠀⠀⠀⠀⠀⠀⠀⠀⠀[33m⢸⠀⠀⠀⠀[32m⠻⠿⠋⠁⠀⠀⠀⠀⠀⠀⠀⠀⠀⠀⠀⠀⠀⠀⠀[33m⡱⠀⠀⠀⠀⠀⠀⠀⠀⠀⠀⠀⠀⠀⠀⠀⠀⠀⠀⠀⠀⠀[0m
[32m[40m⠁⠀⠀⢨⠇⠀⣀⡈[33m⠙[32m⢿⣽⡿⣱⠒⠞⠃⢹⡗⠀⠉⠑⠃⠀⠀⠀⠀⠀⠀⠀⠀⠐⠻⣅⡇⠉⠉[97m⢸⠉E⠉⠉⠉⣩E⣟⣛⣛⣿E⣿⣿⠿⠟E⠉⠉⠉⠉E⠉⠉⠉⠉E⠉⠉⠉⠉E⢿⡉⠉⠉E⠉⠉⠉⠉E⠉⠉⠉⠉E⠉⠉⠉⠉E⠉⠉⠉⠉E⠉⠉⠉⠉E⠉⠉⠉⠉E⠉⠉⠉⠉E⠉⠉⠉⡇⠀⠀⠀⠀⠀⠀⠀⠀⠀⠀⠀⠀⠀⠀[33m⠓⡆⠀⠀⠀⠀⠀⠀⠀⠀⠀⠀⠀⠀⠀⠀⠀⠀⣀⡀⠀⠀[0m
[32m[40m⣤⠀⢀⡟⠀⠀⠓⠗⠀[33m⠸⡀[32m⠹⠏⠀⠀⠀⠀⠀⠀⠀⠀⠀⠀⠀⠀⠀⠀⠀⠀⠀⠀⠀⠀⠀⠀⠀[97mE⠀⠀⠀⠀[33m⢠[37m⡿[33m⡏[35m⠉⠀⠀⠀⠀[32m⠘⠃⠀⠀⠀⠀⠀⠀⠀⠀⠀⠀⠀⠀⠀⠀⠀⠀⠀[33m⢇[36m⠘⢵⡀⠀⠀⠀⠀⠀⠀⠀⠀⠀⠀⠀⠀⠀⠀[32m⡀⠀⠀⠀⠀⠀⠀⠀⠀⠀⠀⠀⠀⠀⠀⠀⠀[33m⢸⠀⠀⠀⠀⠀⠀⠀⠀[97m⡇⠀⠀⠀⠀⠀⠀⠀⠀⠀⠀⠀⠀⠀⠀⠀[33m⢮⠀⠀⠀⠀⠀⠀⠀⠀⠀⢀⠤⠤⠊⠑⠉[32m⠻⠋⣯⣹[33m⣦[0m
[37m[40m⠾[32m⢿[33m⣿⢤⡀⠀⠀⠀⣀⠜⠀⠀⠀⠀⠀⠀⠀⠀⠀⠀⠀⠀⠀⠀⠀⠀⠀⠀⠀⠀⠀⠀⠀⠀⠀⠀[97m⢸⠀⠀⠀⠀[33m⢀[37m⣷[33m⠃⠀⠀⠀⠀⠀⠀⠀⠀⠀⠀⠀⠀⠀⠀⠀⠀⠀⠀⠀⠀⠀⠀⠀⠀⠘⠤⣀[97mEXTREME⠀⠀⠀⠀⠀[32m⢀⠔⠼⠷⠢⡀⠀⠀⠀⠀⠀⠀⠀⠀⠀⠀⠀⠀⠀⠀[33m⠈⡇⠀⠀⠀⠀⠀⠀⠀[97m⡇⠀⠀⠀⠀⠀⠀⠀⠀⠀⠀⠀⠀⠀⠀⠀⠀[33m⠉⢆⠀⠀⠀⠀⠀⡤⠊⠁⠀⠀[32m⢶⠔⣺⠀⠀⠀⠈⠑[0m
[33m[40m⠶⠦[97mIronton⠀⠀⠀⠀⠀⠀⠀⠀⠀⠀⠀⠀⠀⠀⠀⠀⠀⠀⠀⠀⠀⠀⠀⠀⠀⠀⠀⢸⠀⠀⠀⠀[37m⣸[33m⡟⠀⠀⠀⠀⠀⠀⠀⠀⠀⠀⠀⠀⠀⠀⠀⠀⠀⠀⠀⠀⠀⠀⠀⠀⠀⠀⠀⠀⠉⠢[36m⣝⢦⡀⠀⠀⠀⣰⣖⣦⡄[32m⢻⠀⠀⠀⠀⠈⠢⡀⠀⠀⠀⠀⠀⠀⠀⠀⠀⠀⠀⠀[33m⡰⠁⠀⠀⠀⠀⠀⠀⠀[97mE⠀⠀⠀⠀⠀⠀⠀⠀⠀⠀⠀⠀⠀⠀⠀⠀⠀[33m⠈⢆⣠⠖⠒⠊⠁⠀[32m⣄⢄⠔⠁⠻⡀⠀⣀⠀⡄⠀[0m
[97m[40m⠀⠀⠀⠀[33m⢻[37m⣷[35m⣌[33m⢢⠀⠀⠀⠀⠀⠀⠀⠀⠀⠀⠀⠀⠀⠀⠀⠀⠀⠀⠀⠀⠀⠀⠀⠀⠀⠀⠀⠀[97m⢸⣀⣀⣀E⣿⣀⣀⣀E⣀⣀⣀⣀E⣀⣀⣀⣀E⣀⣀⣀⣀E⣀⣀⣀⣀E⣀⣀⣀⣀E⣀⣀⣀⣉E⣳⣶⣝⣉E⣀⣹⣧⣀E⣀⣀⣀⣀E⣄⣀⣀⣀E⣀⣀⣀⣀E⣀⣀⣇⣀E⣀⣀⣀⣀E⣀⡇⠀⠀⠀⠀⠀⠀⠀⠀⠀⠀⠀⠀⠀⠀[33m⢀⣀⣀⣀⠜⠁⠀⠀⠀⠀⠀[32m⠉⢛⡗⠀⠀⠈⠷⠓⢺⠼⠂[0m
[97m[40m⠀⠀⠀⠀⠀[33m⢻[35m⣿⣦[33m⡇⠀⠀⠀⠀⠀⠀⠀⠀⠀⠀⠀⠀⠀⠀⠀⠀⠀⠀⠀⠀⠀⠀⠀⠀⠀⠀⠀⠀⠀⠀⠀⢸[44m⣿[40m⠀⠀⠀⠀⠀⠀⠀⠀⠀⠀⠀⠀⠀⠀⠀⠀⠀⠀⠀⠀⠀⠀⠀⠀⠀⠀⠀⠀⠀⠀⠀⠀⠀⠀⡇⡎⠀⠀⠀⠀⠀⠈⣯[32m⢣⡴⣒⠉⠁⠀⠀⠀⠀⠀⠀⠀⠀⠀⠀⠀⠀⠀[33m⡇⠀⠀⠀⠀⠀⠀⠀⠀⠀⠀⠀⠀⠀⠀⠀⠀⠀⠀⠀⠀⢀⠔⠚⠉⠀⠀⠧⡀⠀⠀⠀⠀⠀⠀⠀⠀⡵⠴⡄[32m⡠⠊⠋⠋⠀⠀[0m
[97m[40m⠀⠀⠀⠀⠀⠀[33m⠙⣿⣿[37m⣄⡀⠀⠀⠀⠀⠀⠀⠀⠀⠀⠀⠀⠀⠀⠀⠀⠀⠀⠀⠀⠀⠀⠀⠀⠀⠀⠀⠀⠀⠀[33m⣸[37m⡟⠀⠀⠀⠀⠀⠀⠀⠀⠀⠀⠀⠀⠀⠀[32m⢀⣴⢛⡵⠀⠀⠀⠀⠀⠀⠀⠀⠀⠀⠀⠀⠀⠀⠀[33m⢰⣃⠇⠀⠀⠀⠀⠀⠀⢫[36m⣮[32m⠛⠚⠁⠀⠀⠀⠀⠀⠀⠀⠀⠀⠀⠀⠀⠀⠀[33m⡇⠀⠀⠀⠀⠀⠀⠀⠀⠀⠀⠀⠀⠀⠀⠀⠀⠀⡀⣀⣠⠏⠀⠀[97mClendenin[96m⢀[33m⡠⣄⢠⠜⠀⠫⠞[96m⢳[33m⠊⠉⢉⢣[0m
[97m[40m⠀⠀⠀⠀⠀⠀⠀⠀[33m⣸⠋⠻[37m[44m⣷[33m[40m⣤⡀⠀⠀⠀⠀⠀⠀⠀⠀⠀⠀⠀⠀⠀⠀⠀⠀⠀⠀⠀⠀⠀⠀[97m⢀⣀⣀S⣿⣸⣀⣀S⣀⣀⣀⣀S⣀⣀⣀⣀S⣀⣘⣢⣀S⣀⣀⣀⣀S⣀⣀⣀⣀S⣀⣀⣀⣀S⣠⣊⣲⣄S⣀⣀⣀⣀S⣎⣱⣄⣀S⣀⣀⣀⣀S⣀⣀⣀⣀S⣀⣀⣀⣇S⣀⣀⣀⣀S⣀⣀⡀⠀⠀⠀⠀⠀[33m⢀⠔⠉⠈⠀⠀⠀⢀⡤⠤⠶[96m⠋[36m⠁⠀⠀⠀⠀[33m⠙⢮⠕⠀⠉⠀⠀⠀⠀[96m⢜⡤⡶[32m⢛⡱[0m
[97m[40m⠀⠀⠀⠀⠀⠀[33m⡠⠋⠀⠀⠀⠘[37m[44m⣿[33m[40m⡿⡀⠀⠀⠀⠀⠀⠀⠀⠀⠀⠀⠀⠀⠀⠀⠀⠀⠀⠀⠀⢀⡠[97m⢼[33m⠤⠔[37m⣺[35m⣿[33m⠗⡄⠀⠀⠀⠀⠀⠀⠀⠀⠀⠀⠀⠀⠀⠀[32m⠈⠉⠀⠀⠀⠀⠀⠀⠀⠀⠀⠀⠀[33m⣀⣤⠤⠤⠤⢤⣃⣀⣻⣠⠤⣤⣀⡀⠀⣠[36m⡿⠁⠀⠀⠀⠀⠀⠀⠀⠀⠀⠀⠀⠀⠀⠀⠀[33m⠱⡀⠀⠀⠀⠀⠀⠀⠀[97mS⠀⠀⠀[33m⢠⠔⠁⠀⢀⡔⠉⠳⠖⠚[96m⠁⠀⠀⠀⠀⠀⠀⠀⠀⠀⠀⠀⠀⠀⠀⠀⠀⠀⠀⢼[32m⠬⢅[96m⡀[0m
[97m[40m⠀⠀⠀⠀[33m⢀⠼⠀⠀⠀⠀⠀⠀[44m⣿[37m[40m⡇[33m⢣⠀⠀⠀⠀⠀⠀⠀⠀⠀⠀⠀⢀⠀⠀[37m⢀⣠⣴[33m⣦⣖[37m⣡⣤[97m⣼[35m⣤⡶⠛⠁⠀[33m⢸⠀⠀⠀⠀⠀⠀⠀[35m⢀⠤⠒⢒[33m⣄⡠⠤⣤⣄⡀⠀⠀⠀⠀⠀⠀⢀⡠⣔⣊⣥[35m⠴[33m⠶⠮⠭⠭[35m⠤[33m⠝⠫[35m⠤⠒⠒⠢[33m⢽⠟⣿⡀⠀⠀⠀⠀⠀⠀⠀⠀⠀⠀⠀⠀⠀⠀⠀⠀⠀⢹⡄⠀⠀⠀⠀⠀⠀[97m⡇⠀[33m⢰⠋⠁⢀⡶⠶⠛[36m⠁⠀⠀⠀⠀⠀⠀⠀⠀⠀⠀⠀⠀⠀⠀⠀⠀⠀⠀⠀⠀⠀⠀⠀[96m⣪⣗⢪⠛[0m
[97m[40m⠀⠀⠀[33m⢠⠃⠀⠀⠀⠀⠀⠀⠀⠸[37m⣿[35m⣄[33m⢣⡀⠀⠀⠀⠀⢀[97mHuntington[33m⠿⣟[35m⠋⣉[97m⣹[35m⢤[33m⠶⠖⠒⢦⣼⠀⢀⣀⣤⣔⢞⠯⠛⠛⠛⠉⠙⠛⠛[35m⠒⢌[33m⡉⢖⣄⣀⣀⣤⣾⣋⣩⡋⠀⠀[97mSEVERE⠀⠀⠀⠀⠀⠀[35m⣿[33m⢠⠃⠓⠢⡀⠀⠀⠀⠀⠀⠀⠀⠀⠀⠀⠀⠀⠀⠀⠀⣀⠇⠀⠀⠀⠀⠀⠀[97m⣧[33m⠒⠁⠀⠀⣸[96m⠇⠀⠀⠀⠀⠀⠀⠀⠀⠀⠀⠀⠀⠀⠀⠀⠀⠀⠀⠀⠀⠀⠀⠀⠀⠀⠀⠉⠘⠃⠀[0m
[97m[40m⠀⠀[33m⢔⠁⠀⠀⠀⠀⠀⠀⠀⠀⠀⣿⣻[35m⣷[33m⣭⣢⣤⣒⣮⣽⡾⣟⣯[35m⠟[33m⠋⢹[35m⠉[33m⣇⠀⠀⠀⠛⣛⠟[97mS[33m⠓⠒⠒⠒⠉⠛⠛⠓⠉⠉⠈⠁⠀⠀⠀⠀⠀⠀⠀⠀⠀⠀[35m⠈⠑⠒⠒⠚⠉⠀⠀[33m⠈⠓⠉⠒⠒⠒⠒⠒⠤⣀⠀⠀⠀⠀⠀⠀[35m⣿[33m⣧⠀⠀⠀⠈⢆⡀⠀⠀⠀⠀⠀⠀⠀⠀⠀⠀⠀⠀⠀⠙⢆⠀⠀⣠⢴⡒⠒[97m⣧[33m⣤⡤⠴⠞⠋⠀⠀⠀⠀⠀⠀⠀⠀⠀⠀⠀⠀⠀⠀⠀⠀⠀⠀⠀⠀⠀⠀⠀⠀⠀⠀⠀⠀⠀⠀⠀[0m
[33m[40m⢄⣀⡸⠀⠀⠀⠀⠀⢀⣀⡀⠀⣠[37m⣯[35m⢋[33m⣫⠽⠿⠟⠛⠛⠛⠉⠁⠀⠉⢱⠞⠤⠚⠛⠒⢏⣉⠀⣀[97m⠸⠤⠤S⠤⠤⠤⠤S⠤⠤⠤⠤S⠤⠤⠤⠤S⠤⠤⠤⠤S⠤⠤⠤⠤S⠤⠤⠤⠤S⠤⠤⠤⠤S⠤⠤⠵⠶S⠵⠶⠮⠭S⢷⣶⣦⣤S⠬⣧⠤⠤S⠤⠤⠤⠤S⠤⠤⠤⠤S⢾⠤⢤⣿S⠿⠾⠇⠀⠀⠀⠀⠀⠀⠀⠀⠀⠀⠀⠀⠀⠀⠀⠀⠀⠀⠀⠀⠀⠀⠀⠀⠀⠀⠀⠀⠀⠀⠀⠀⠀⠀⠀⠀[0m
[97m[40m⠀⠀[33m⠙⢤⣠⠤⠖⠚⠉⠉⠉⠉⣹[37m⣿[33m⡗⠁⠀⠀⠀⠀⠀⠀⠀⠀⠀⠀⢸⠀⠀⠀⠀⠀⠀⠀⠉⠀⠉⠒⠱⡀⠀⠀⠀⠀⠀⠀⠀⠀⠀⠀⠀⠀⠀⠀⠀⠀⠀⠀⠀⠀⠀⠀⠀⠀⠀⠀⠀⠀⠀⠀⠀⠀⠀⠀⠀⠀⠀⠀⠀⠀⠀⠀⠀⠀⠀⠀⠀[35m⠉⠛[33m⠻[97mSouth Charleston[33m⣱⠏⠁⠀⠀⠀⠀⠀⠀⠀⠀⠀⠀⠀⠀⠀⠀⠀⠀⠀⠀⠀⠀⠀⠀⠀⠀⠀⠀⠀⠀⠀⠀⠀⠀⠀⠀⠀⠀⠀⠀⠀⠀[0m
[33m[40m⠒⠒⠉⠉⠁⠀⠀⠀⠀⠀⠀⠀⡇[37m⣿[33m⠁⠀⠀⠀⠀⠀⠀⠀⠀⠀⠀⠀⠀⡇⠀⠀⠀⠀⠀⠀⠀⠀⠀⠀⠀⠸⣆⠀⠀⠀⠀⠀⠀⠀⠀⠀⠀⠀⠀⠀⠀⠀⠀⠀⠀⠀⠀⠀⠀⠀⠀⠀⠀⠀⠀⠀⠀⠀⠀⠀⠀⠀⠀⠀⠀⠀⠀⠀⠀⠀⠀⠀⠀⠀⠀⠀⠀⠀⠙⢤⣽⣾⡿⠿⠊⠉⠙⠳⣦⣷⣶⡞⠋⠀⠀⠀⠀⠀⠀⠀⠀⠀⠀⠀⠀⠀⠀⠀⠀⠀⠀⠀⠀⠀⠀⠀⠀⠀⠀⠀⠀⠀⠀⠀⠀⠀⠀⠀⠀⠀⠀⠀⠀⠀⢔[0m
[97m[40m⠀⠀⠀⠀⠀⠀⠀⠀⠀⠀⠀⠀[33m⠑[37m⠻[33m⣦⡀⠀⠀⠀⠀⠀⠀⠀⠀⠀⠀⢀⡇⠀⠀⠀[32m⢳⠓⣄⠀⠀[97m⢠⠤M⠤⠭⠯⠵M⣤⡤⠤⡤M⠤⠤⠤⠤M⠤⠤⠤⠤M⠤⠤⠤⠤M⠤⠤⠤⠤M⠤⠤⠤⠤M⠤⠤⠤⠤M⠤⠤⠤⠤M⠤⠤⠤⠤M⠤⠤⠤⠤M⠬⠥⠤⡤M⠤⠶⠴⠮M⢯⣿⣧⣤M⠤⠤⠤⡄⠀⠀⠀⠀⠀⠀⠀⠀⠀⠀⠀⠀⠀⠀⠀⠀⠀⠀⠀⠀⠀⠀⠀⠀⠀⠀⠀⠀⠀⠀⠀⠀⠀⠀[33m⢠⠊[0m
[97m[40m⠀⠀⠀⠀⠀⠀⠀⠀⠀⠀⠀⠀⠀⠀[33m⠹⣿⡄⠀⠀⠀⠀⠀⠀⠀⠀⠀⠈⠢⡀⠀⠀[32m⢙⡆⢼⡤⣢[97mM[32m⣤⣀⠀⠀⠀⠀⠀⠀[33m⠈⠉⠁⠳⠤⢤⡀⠀⠀⠀⠀⠀⠀⠀⠀⠀⠀⠀⠀⠀⠀⠀⠀⠀⠀⠀⠀⠀⠀⠀⠀⠀⠀⠀⠀⠀⠀⠀⠀⠀⠀⠀⠀⠀⠀⠀⠀⠀⠀⠀⠀⡸⠀⠀⠀⠀⠀⠀⠀⠀[35m⠉⠛[33m⠿⣻⣳⣄⣀[97m⡇⠀⠀⠀⠀⠀⠀⠀⠀⠀⠀⠀⠀⠀⠀⠀⠀⠀⠀⠀⠀⠀⠀⠀⠀⠀⠀⠀⠀⠀⠀⠀⠀⠀⠀[33m⣇⠀[0m
[97m[40m⠀⠀⠀⠀⠀⠀⠀⠀⠀⠀⠀⠀⠀⠀[33m⢀⣿⠃⠀⠀⠀⠀⠀⠀⠀⠀⠀⠀⢰⠁[32m⣄[36m⢀[32m⣧⣴⠟⠳⢿[97m⢿[32m⡤⡾⣶⢦⡀⠀⠀⠀⠀⠀⠀⠀⠀⠀[33m⠙⢢⠀⠀⠀⠀⠀⠀⠀⠀⠀⠀⠀⠀⠀⠀⠀⠀⠀[97mMODERATE⠀⠀⠀⠀⠀⠀⠀⠀⠀⠀⠀⠀⠀⠀⠀⠀[33m⡠⠊⠀⠀⠀⠀⠀⠀⠀⠀⠀⠀⠀⠀⠀[35m⠉[33m⢿⢿[97m⡇⠀⠀⠀⠀⠀⠀⠀⠀⠀⠀⠀⠀⠀⠀⠀⠀⠀⠀⠀⠀⠀⠀⠀⠀⠀⠀⠀⠀⠀⠀⠀⠀⠀[33m⢠⠎⠀[0m
[97m[40m⠀⠀⠀⠀⠀⠀⠀⠀⠀⠀⠀⠀⠀⠀[37m⢸[33m⣏⠀⠀⠀⠀⠀⠀⠀⠀⠀⠀⢠⠜[32m⢰⣿[36m⠟[32m⢏⠑⠀⢀⣘[97m⢿[32m⢹⢈⡝⠛⠃⠀⠀⠀⠀⠀⠀⠀⠀⠀[33m⣹⠁⢀⡀⠀⠀⠀⠀[93m⡠⠤⡀⠀⠀⠀⠀⠀⠀⠀⠀⠀⠀⠀⠀⠀⠀⠀⠀⠀⠀⠀⠀⠀⠀⠀⠀⠀⠀⠀⠀⠀⠀[33m⡴⠋⠀[32m⣀⣠⠤⠒⡆⠀⠀⣀⠀⠀⠀⠀⠀⠀⠀[33m⡼⡜[97mM⠀⠀⠀⠀⠀⠀⠀⠀⠀⠀⠀⠀⠀⠀⠀⠀⠀⠀⠀⠀⠀⠀⠀⠀⠀⠀⠀⠀⠀⠀⠀⠀[33m⢰⠁⠀⠀[0m
[97m[40m⠀⠀⠀⠀⠀⠀⠀⠀⠀⠀⠀⠀⠀⠀[33m⢰[37m⣿⠀⠀⠀⠀⠀⠀⠀⠀⠀⠀[33m⢸⣤⠀[32m⠙⣹⠛⠧⣄⣯⠅[97m⢸⠀[32m⠉⠀⠀⠀⠀⠀⠀⠀⠀⠀⠀⠀[33m⢠⠃⠉⠁⠉⠑⠉⠙[93m⠺⡒[33m⠒[93m⡹[33m⠱⣂⣀⠀⠀⠀⠀⠀⠀⠀⠀⠀⠀⠀⠀⠀⠀⠀⠀⠀⠀⠀⠀⠀⣀⠀⢀⢀⠖⠉⠀⠀⠀[32m⢗⣠⢀⠐⠗⠊⠉⠈⢱⠀⠀⠀⠀[97mRand⡇⠀⠀⠀⠀⠀⠀⠀⠀⠀⠀⠀⠀⠀⠀⠀⠀⠀⠀⠀⠀⠀⠀⠀⠀⠀⠀⠀⠀⠀⠀⠀⠀[33m⡎⠁⠀⠀[0m
[97m[40m⠀⠀⠀⠀⠀⠀⠀⠀⠀⠀⠀⠀⠀[33m⡀⣸[37m⡿⠀⠀⠀⠀⠀⠀⠀⠀⠀⠀[33m⠈⠖⠢⡀[32m⠈⠙⠖⡳⢹⡀[97m⠘⠒M⠒⠒⠒⠒M⠒⠒⠒⠒M⠒⠓⢖⠒M⠒⠒⠒⠒M[93m⠚⠛[97m⠒⠒M⠚⠲⣒⠒M⠒⠒⠒⠒M⠒⠒⠒⠒M⡗⠒⠒⠒M⠒⡞⠒⠛M⠓⠒⠒⠒M⠒⠒⠒⠛M⡖⠒⠒⠒M⠶⣖⠒⠒M⠺⣾⠒⠃⠀⠀⠀⠀⠀⠀⠀⠀⠀⠀⠀⠀⠀⠀⠀⠀⠀⠀⠀⠀⠀⠀⠀⠀⠀⠀⠀⠀⠀⠀⠀⠀[33m⢱⠀⠀⠀[0m
[97m[40m⠀⠀⠀⠀⠀⠀⠀⠀⠀⠀⠀[33m⢀[37m⣾[33m⣻[37m⠟[33m⠁⠀⠀⠀⠀⠀⠀⠀⠀⠀⠀⠀⠀⡠⠃⠀⠀[32m⠘⠤⠚⠀⠀⠀⠀⠀⠀⠀⠀⠀⠀⠀⠀⠀⠀⠀[33m⡠⠚⠀⠀⠀⠀⠀⠀⠀⠀⠀⠀⠀⠀⠀⠀⠈⠙⠢⢤⣠⡀⠀⠀⠀⠀⠀⠀⠀⠀⠀⠀⠀⠀⢠⠃⠀⠀⠀⠀⠀⠀⠀⠀⠀⠀⠀⠀⠀[32m⠱⣄⠀⠀⠀⢠⠼⠀⠀⠀⠀[33m⠳[36m⡿[33m⣦⡀⠀⠀⠀⠀⠀⠀⠀⠀⠀⠀⠀⠀⠀⠀⠀⠀⠀⠀⠀⠀⠀⠀⠀⠀⠀⠀⠀⠀⠀⠀⠀⢸⡀⠀⠀[0m
[97m[40m⠀⠀⠀⠀⠀⠀⠀⠀⠀⠀⠀[33m⠈[37m⢿[33m⣏⠀⠀⠀⠀⠀⠀⠀⠀⠀⠀⠀⠀[97mWayne⠀⠀⠀⠀⠀⠀⠀⠀⠀⠀⠀⠀⠀⠀⠀⠀⠀⠀⠀[33m⢸⠀⠀⠀⠀⠀⠀⠀⠀⠀⠀⠀⠀⠀⠀⠀⠀⠀⠀⠀⠀⠈⢙⠄⠀⠀⠀⠀⠀⠀⠀⠀⠀⠀⠸⡄⠀⠀⠀⠀⠀⠀⠀⠀⠀⠀⠀⠀⠀⠀[32m⢨⡧⢤⠼⠃⠀⠀⠀⠀⠀⠀[33m⠈⠛⢷⣄⠀⠀⠀⠀⠀⠀⣀[35m⣤[33m⣀⠀⠀⠀⠀⠀⠀⠀⠀⠀⠀⠀⠀⠀⠀⠀⠀⠀⠀⠀⠀⠀⢸⠀⠀⠀[0m
[97m[40m⠀⠀⠀⠀⠀⠀⠀⠀⠀⠀⠀⠀[33m⠈⣿⠀⠀⠀⠀⠀⠀⠀⠀⠀⠀⠀⠀⢠⡕⠀⠀⠀⠀⠀⠀⠀⠀[97m⢰m⠒⠒⠒⠒m⠒⠒⠒⠒m⠒⠒⠒⢛m⠒⠒⠒⠒m⠒⠒⠒⠒m⠒⠒⠒⠒m⠒⠒⠒⠒m⠓⢶⡒⠒m⠒⠒⠒⠒m⠒⢒⡻⠒m⠒⠒⠒⠒m⠒⠒⠒⠒m⠒⠒⠒⠒m⠒⠒⠒⠒m⠒⠒⠒⠒m[33m⠈⠺⣗⢄⠀⣀⣤⡾[35m⠋⠉⢫[33m⣧⣤[35m⣴⠞[33m⣧⡄⠀⠀⠀⠀⠀⠀⠀⠀⠀⠀⠀⠀⠀⠀⠀⠀⠑⡆⠀[0m
[97m[40m⠀⠀⠀⠀⠀⠀⠀⠀⠀⠀⠀⠀[33m⣸[37m⠏⠀⠀⠀⠀⠀⠀⠀⠀⠀⠀⠀[33m⡏⠁⠀⠀⠀⠀⠀⠀⠀⠀⠀[97m⢸⠀⠀⠀⠀⠀⠀⠀⠀⠀⠀⠀⠀⠀⠀[33m⠘⢄⠀⠀⠀⠀⠀⠀⠀⠀⠀⠀⠀⠀⠀⠀⠀⠀⠀⠀⠀⠀⠀⠀⢸⠀⠀⠀⠀⠀⠀⠀⢀⠇⠀⠀⠀⠀⠀⠀⠀⠀⠀⠀⠀⠀⠀⠀⠀⠀⠀⠀⠀⠀⠀⠀⠀⠀⠀⠀⠀[97m⡇⠀⠀[35m⠈[33m⠛⠛⠛⣏⡀⠀⠀⠀⠀[35m⠉⠀⠀⠹[33m⠷⣤⣀[36m⢀[33m⣀⡀⠀⠀⠀⠀⠀⠀⠀⠀⠀⠀⡠⠊⠀⠀[0m
[97m[40m⠀⠀⠀⠀⠀⠀⠀⠀⠀[37m⣠⣤[33m⣴[37m⡟⠀⠀⠀⠀⠀⠀⠀⠀⠀⠀[33m⣔⠊⠀⠀⠀⠀⠀⠀⠀⠀⠀⠀⠀[97m⢸⠀⠀⠀⠀⠀⠀⠀⠀⠀⠀⠀⠀⠀⠀⠀[33m⠘⡄⠀⠀⠀⠀⠀⠀⠀⠀⠀⠀[32m⣀⣀⠀⠀⠀⠀⠀⠀[97mMINOR⠀⠀⠀[33m⣀⡀⠀⢸⠁⠀⠀⠀⠀⠀⠀⠀⠀⠀⠀⠀⠀⠀⠀⠀⠀⠀⠀⠀⠀⠀⠀⠀⠀⠀⠀⠀[97m⡇⠀⠀⠀⠀⠀⠀⠀[33m⠓⠤⡄⠀⠀⠀⠀⠀⠀⠀⠀[35m⠉[33m⠉[35m⠉[97m[44m⢻[33m[40m⡆⠀⠀⠀⠀⠀⠀⠀⠀⠀⢣⠀⠀⠀[0m
[97m[40m⠀⠀⠀⠀⠀⠀⠀⠀[33m⠈[37m⢣⠀[33m⢘⠄⠀⠀⠀⠀⠀⠀⠀⣀⠔⠉⠁⠀⠀⠀⠀⠀⠀⠀⠀[32m⣀⢀⠀⠀[97mm⠀⠀⠀⠀⠀⠀⠀⠀⠀⠀⠀⠀⠀⠀⠀[33m⢀⠇⠀⠀⠀⠀⠀⠀⠀⠀⠀[32m⣰[36m⣯[32m⢿⣿⠀⠀⠀⠀⠀⠀⠀⠀⠀⠀[33m⠉⠑⠚⠀⠈⠣⢾⡀⠀⠀⠀⠀⠀⠀⠀⠀⠀⠀⠀⠀⠀⠀⠀⠀⠀⠀⠀⠀⠀⠀⠀⠀⠀⠀⠀[97m⡇⠀⠀⠀⠀⠀⠀⠀⠀[33m⢸⠀⠀⠀⠀⠀⠀⠀⠀⠀⠀⠀⠀[35m⠈⢳[33m⣄⠀⠀⠀⠀⠀⠀⢰⡺[35m⠻[33m⣆⡀⠀[0m
[97m[40m⠀⠀⠀⠀⠀⠀⠀⠀⠀[37m⢸⣄[33m⡈⠒⠤⣀⠤⢤⣀⡠⠖⠃⠀⠀⠀⠀⠀⠀⠀⠀⠀⠀[32m⢰⠉[36m⣿[32m⡹⡄[97m⣸[32m⡀⠀⠀⠀⠀⠀⠀⠀⠀⠀⠀⠀⠀⠀⠀[33m⠱⡀⠀⠀⠀⠀⠀⠀⠀⠀⠀[32m⠙⠿⣻⡋⠀⠀⠀⠀⠀⠀⠀⠀⠀⠀⠀⠀⠀⠀⠀⠀⠀[33m⠧⡄⠀⠀⠀⠀⠀⠀⠀⠀⠀⠀⠀⠀⠀⠀⠀⠀⠀⠀⠀⠀⠀⠀⠀⠀⠀⠀[97m⡇⠀⠀⠀⠀⠀⠀⠀⠀[33m⢎⠀⢀⠀⣀⡀⠀⠀⠀⠀⠀⠀⠀⠀⠀[35m⠻[33m⣖⡄⠀⠀⠀⠀⣨⠗⠀⠀⣿⣠[0m
[97m[40m⠀[36m⣀⠠⣤⣤⠄⠀⠀⠀⠀[33m⢻[37m⣏[35m⣆[33m⣀⣘⠄⠀⠁⠀⠀⠀⠀⠀⠀⠀⠀⠀⠀⠀⠀⠀[32m⡏[36m⢨⡿⣧⣈[97m⣉m⣏⡽⣏⠉m⠉⠉⠉⠉m⠉⠉⠉⢟m⠉⠉⠉⠉m⠉⠉⠉⠉m⠉⠉⠉⠉m⠉⠉⠉⠉m⠉⠉⠉⠉m⠉⠉⠉⠉m⠉⢻⠉⠉m⠉⠉⠉⠉m⠉⠉⠉⠉m⠉⠉⠉⠉m⠉⠉⠉⠉m⠉⠉⠉⠉m⠀⠀⠀⠀⠀⠀⠀⠀⠀[33m⠉⠉⠉⠀⠉⢣⠀⠀⠀⠀⠀⠀⠀⠀⠀[35m⠈⠙[33m⠳⠦⢤⣤⠏⠀⠀⠀[35m⠉⠁[0m
[36m[40m⠶⠾⢷⣿⣆⣄⡀⠀⠀[97mLouisa[33m⢢⠀⠀⠀⠀⠀⠀⠀⠀⠀⠀⠀⠀⠀⠀[32m⢠⠗⠀[36m⠁⠸⢿⢼⣭⡉⠁[32m⢹⡄⠀⠀⠀⠀⠀⠀⠀⠀⠀⠀[33m⠸⡄⠀⠀⠀⠀⠀⠀⠀[32m⢀⡀⠀⢠⣤⢄⠀⠀⠀⠀⠀⠀⠀⠀⠀⠀⠀⠀⠀⠀⠀⠀[33m⠠⢏⠀⠀⠀⠀⠀⠀⠀⠀⠀⠀⠀⠀⠀⠀⠀⠀⠀⠀⠀⠀⠀⠀⠀⠀⠀⠀⠀⠀⠀⠀⠀⠀⠀⠀⠀⠀⠀⠀⠀⠀⠀⠀⢇⠀⠀⠀⠀⠀⠀⠀⠀⠀⠀⠀⠀⠀⠀⠀⠀⠀⠀⠀⠀⠀[0m
[36m[40m⣦⣼[44m⣾[40m⡷⠟⠉⠙⠂[33m⡰⠚⢸⢘⠆[35m⢸[37m⠸[35m⣄[33m⠉⠉⡆⠀⠀⠀⠀⠀⠀⠀⠀⠀⠀⠀[32m⢸⢀⣀⠀[36m⢀⡞⠃⠻⢲⣴⡒[32m⠙⣶⠆⠀⠀⠀⠀⠀⠀⠀⠀⠀[33m⠑⡆⠀⠀⠀⠀⠀⠀[32m⠺⣼⡉⠉⢉⡙⠴⠢⠾⢲⠀⠀⠀⠀⠀⠀⠀⠀⠀⠀⠀⠀⠀[33m⢈⡆⠀⠀⠀⠀⠀⠀⠀⠀⠀⠀⠀⠀⠀⠀⠀⠀⠀⠀⠀⠀⠀⠀⠀⠀⠀⠀⠀⠀⠀⠀⠀⠀⠀⠀⠀⠀⠀⠀⠀⠀⠀⢯⠀⠀⠀⠀⠀⠀⠀⠀⠀⠀⠀⠀⠀⠀⠀⠀⠀⠀⠀⠀⠀[0m
[97m[40m⠀[36m⠙⢹⣟⠂[33m⣀⣀⡜⠀⢀⡧⠎[35m⡔⠁⠀[37m⠈⠙⢦[33m⡕⠀⠀⠀⠀⠀⠀⠀⠀⠀⠀⠀[32m⠈⠉⢽⠁[36m⠈⠀[97mU⠉⠉⠙⠉U⢙⣯⣩⡍U⠉⠉⠉⠉U⠉⠉⡏⠉U⠉⠉⠉⠉U⠉⠯⢛⡽U⠉⠉⡉⡟U⠉⠉⠉⠉U⠉⠉⠉⠉U⠉⠉⡹⠙U⠉⠉⠉⠉U⠉⠉⠉⠉U⠉⠉⠉⠉U⠉⠉⠉⠉U⠉⠉⠉⠉U⡇⠀⠀⠀⠀⠀⠀⠀⠀⠀⠀⠀⠀⠀⠀[33m⠈⡇⠀⠀⠀⠀⠀⠀⠀⠀⠀⠀⠀⠀⠀⠀⠀⠀⠀⠀⠀⠀[0m
[33m[40m⠢⠤⠤⡬⠟[36m⠇⠀⠀⠀[33m⢈⠇⠀[35m⣱⠀⠀⠀⠀⠀[37m⢷⠀⠀⠀⠀⠀⠀⠀⠀⠀⠀⠀⠀⠀[32m⢜⡤⢤⡀[97m⢸⠀[32m⢠⡄⠀⠀⠀⢰⠲⡇⠀⠀⠀⠀⠀⠀⠀⠀[33m⢹⣀⡀⠀⠀⠀⠀⠀⠀⠀[32m⠈⠁⠈⠶⡼⠈⠀⠀⠀⠀⠀⠀⠀⠀⠀⠀⠀⠀[33m⡠⠚⠁⠀⠘⠤⡀⠀⠀⠀⠀⠀⠀⠀⠀⠀⠀⠀⠀⠀⠀⠀⠀⠀⠀⠀⠀⠀⠀⠀[97m⡇⠀⠀⠀⠀⠀⠀⠀⠀⠀⠀⠀⠀⠀⠀⠀[33m⢸⠀⠀⠀⠀⠀⠀⠀⠀⠀⠀⠀⠀⠀⠀⠀⠀⠀⠀⠀⠀[0m
[97m[40m⠀⠀⠀⠀⠀⠀⠀⠀[33m⡰⠁[35m⠴⡉⠀⠀⠀⠀⠀⠀[37m⠈⡆⠀⠀⠀⠀⠀⠀⠀⠀⠀⠀⠀⠀⠀⠀⠀[32m⠓[97m⢺[32m⠦⠟⢺⢆⣄⢰⡞⠃⠙⠁⠀⠀⠀⠀⠀⠀⠀⠀⠀[33m⢇⡀⠀⠀⠀⠀⠀⠀⠀⠀⠀⠀⠀⠀⠀[97mUNKNOWN⠀⠀⠀[33m⢰⠁⠀⠀⠀⠀⠘⠒⠢⡀⠀⠀⠀⠀⠀⠀⠀⠀⠀⠀⠀⠀⠀⠀⠀⠀⠀⠀⠀⠀⠀[97mU⠀⠀⠀⠀⠀⠀⠀⠀⠀⠀⠀⠀⠀⠀⠀⠀[33m⢱⠀⠀⠀⠀⠀⠀⠀⠀⠀⠀⠀⠀⠀⠀⠀⠀⠀⠀⠀[0m
[97m[40m⠀⠀⠀⠀⠀⠀⠀[33m⢀⣇[35m⣀⠀⡜⠀⠀⠀⠀⠀⠀⠀[37m⠉⣦⠀⠀⠀⠀⠀⠀⠀⠀⠀⠀⠀⠀⠀⠀⠀[97m⢸⠀⠀⠀⠀[32m⠰⠛⠀⠀⠀⠀⠀⠀⠀⠀⠀⠀⠀⠀⠀⠀[33m⠋⠉⠑⢄⡀⠀⠀⠀⠀⠀⠀⠀⠀⠀⠀⠀⠀⠀⠀⠀⠀⠀⠀⠀⢸⠀⠀⠀⠀⠀⠀⠀⠀⠘⡄⣀⠀⠀⠀⠀⠀⠀⠀⠀⠀⠀⠀⠀⠀⠀⠀⠀⠀⠀⠀[97m⡇⠀⠀⠀⠀⠀⠀⠀⠀⠀⠀⠀⠀⠀⠀⠀⠀⠀[33m⢱⠀⠀⠀⠀⠀⠀⠀⠀⠀⠀⠀⠀⠀⠀⠀⠀⠀⠀[0m
[97m[40m⠀⠀⠀⠀⠀⠀⠀[33m⣿⠀⠀[35m⠉⠁⠀⠀⠀⠀⠀⠀⠀⠀[37m⠙⣤⣄⠀⠀⠀⠀⠀⠀⠀⠀⠀⠀[32m⣴⠤⠛[97m⢹[32m⡀⠀⠀⠀⠀⠀⠀⠀⠀⠀⠀⠀⠀⠀⠀⠀⠀⠀⠀⠀⠀⠀⠀⠀[33m⠈⠒⠼⠑⢢⠀⠀⠀⠀⠀⠀⠀⠀⠀⠀⠀⠀⠀⢠⠔⠁⠀⠀⠀⠀⠀⠀⠀⠀⠀⠉⠚⠤⡀⠀⠀⠀⠀⠀⠀⠀⠀⠀⠀⠀⠀⠀⠀⠀⠀⠀[97m⡇⠀⠀⠀⠀⠀⠀⠀⠀⠀⠀⠀⠀⠀⠀⠀⠀⠀[33m⢨⡂⠀⠀⠀⠀⠀⠀⠀⠀⠀⠀⠀⠀⠀⠀⠀⠀⠀[0m
[37m[40m├────────────────────┤ 20 km⠀[91m14:28Z⠀[97mU⠿⡍⠉⠉U⠉⠉⠉⠉U⠉⠉⠉⠉U⠉⠉⠉⠉U⠉⠉⠉⠉U⠉⠉⠉⠙U⠉⠉⠉⢉U⠯⣍⣩⠭U⠋⠙⠋⠉U⠉⠉⠉⠉U⠉⠉⠉⠉U⠉⠉⠻⠽U[90mOpenFreeMap (c) OpenMapTiles Data from OpenStreetMap[0m
